
> rest-express@1.0.0 check
> tsc

client/src/components/profile/UserProfileDisplay.tsx(207,2): error TS1160: Unterminated template literal.
